Microchip MPLAB XC8 Compiler V1.45 ()

Linker command line:

--edf=f:\doc\datesheet\mcu\pf\ide3.0.1_200917\data\dat\en_msgs.txt -cs \
  -h+mb22084_v1.0.sym --cmf=mb22084_v1.0.cmf -z -QPF462XXX \
  -oC:\Users\86135\AppData\Local\Temp\seb0.2 -Mmb22084_v1.0.map -E1 \
  -ver=XC8 -ASTACK=0A0h-0bfh -pstack=STACK -ACODE=00h-07FFh \
  -ASTRCODE=00h-07FFh -ASTRING=00h-0FFhx8 -ACONST=00h-0FFhx8 \
  -AENTRY=00h-0FFhx8 -ACOMMON=070h-07Fh -ABANK0=020h-06Fh -ABANK1=0A0h-0BFh \
  -ARAM=020h-06Fh,0A0h-0BFh -AABS1=020h-07Fh,0A0h-0BFh -ASFR0=00h-01Fh \
  -ASFR1=080h-09Fh -ASFR2=0100h-016Fh \
  -preset_vec=00h,intentry=04h,init,end_init -ppowerup=CODE -pcinit=CODE \
  -pfunctab=ENTRY -ACONFIG=02007h-02007h -pconfig=CONFIG -DCONFIG=2 \
  -AIDLOC=02000h-02003h -pidloc=IDLOC -DIDLOC=2 -AEEDATA=00h-0FFh/02100h \
  -peeprom_data=EEDATA -DEEDATA=2 -DCODE=2 -DSTRCODE=2 -DSTRING=2 -DCONST=2 \
  -DENTRY=2 -k startup.obj mb22084_v1.0.obj 

Object code version is 3.11

Machine type is PF462XXX



                Name                               Link     Load   Length Selector   Space Scale
startup.obj     end_init                              A        A        1        8       0
                reset_vec                             0        0        1        0       0
mb22084_v1.0.obj
                cinit                                 B        B       30        8       0
                intentry                              4        4        6        8       0
                text30                              48C      48C       28        8       0
                text29                              62A      62A        8        8       0
                text28                              619      619        9        8       0
                text27                              51B      51B       1E        8       0
                text26                              555      555       1C        8       0
                text25                              539      539       1C        8       0
                text24                              610      610        9        8       0
                text23                              5B9      5B9       13        8       0
                text22                              5DC      5DC        C        8       0
                text21                              638      638        6        8       0
                text20                              5CC      5CC       10        8       0
                text19                              607      607        9        8       0
                text18                              5FE      5FE        9        8       0
                swtext1                             63E      63E        4      C7C       0
                text17                               3B       3B      11E        8       0
                text16                              462      462       2A        8       0
                text15                              58B      58B       19        8       0
                text14                              3A3      3A3       57        8       0
                text13                              5F3      5F3        B        8       0
                text12                              3FA      3FA       3A        8       0
                text11                              571      571       1A        8       0
                text10                              4B4      4B4       25        8       0
                text9                               240      240       DC        8       0
                text8                               4D9      4D9       24        8       0
                text7                               5E8      5E8        B        8       0
                text6                               159      159       E7        8       0
                text5                               642      642        1      C84       0
                text4                               632      632        6        8       0
                text3                               4FD      4FD       1E        8       0
                text2                               5A4      5A4       15        8       0
                text1                               434      434       2E        8       0
                maintext                            31C      31C       87        8       0
                cstackBANK0                          20       20       26       20       1
                cstackCOMMON                         70       70        A       70       1
                clrtext                             622      622        8        8       0
                dataBANK0                            46       46       14       20       1
                bssBANK0                             5A       5A       11       20       1
                bssCOMMON                            7A       7A        2       70       1

TOTAL           Name                               Link     Load   Length     Space
        CLASS   STACK          

        CLASS   CODE           
                end_init                              A        A        1         0
                cinit                                 B        B       30         0
                intentry                              4        4        6         0
                reset_vec                             0        0        1         0
                text30                              48C      48C       28         0
                text29                              62A      62A        8         0
                text28                              619      619        9         0
                text27                              51B      51B       1E         0
                text26                              555      555       1C         0
                text25                              539      539       1C         0
                text24                              610      610        9         0
                text23                              5B9      5B9       13         0
                text22                              5DC      5DC        C         0
                text21                              638      638        6         0
                text20                              5CC      5CC       10         0
                text19                              607      607        9         0
                text18                              5FE      5FE        9         0
                text17                               3B       3B      11E         0
                text16                              462      462       2A         0
                text15                              58B      58B       19         0
                text14                              3A3      3A3       57         0
                text13                              5F3      5F3        B         0
                text12                              3FA      3FA       3A         0
                text11                              571      571       1A         0
                text10                              4B4      4B4       25         0
                text9                               240      240       DC         0
                text8                               4D9      4D9       24         0
                text7                               5E8      5E8        B         0
                text6                               159      159       E7         0
                text5                               642      642        1         0
                text4                               632      632        6         0
                text3                               4FD      4FD       1E         0
                text2                               5A4      5A4       15         0
                text1                               434      434       2E         0
                maintext                            31C      31C       87         0
                clrtext                             622      622        8         0

        CLASS   STRCODE        

        CLASS   STRING         

        CLASS   CONST          
                swtext1                             63E      63E        4         0

        CLASS   ENTRY          

        CLASS   COMMON         
                cstackCOMMON                         70       70        A         1
                bssCOMMON                            7A       7A        2         1

        CLASS   BANK0          
                cstackBANK0                          20       20       26         1
                dataBANK0                            46       46       14         1
                bssBANK0                             5A       5A       11         1

        CLASS   BANK1          

        CLASS   RAM            

        CLASS   ABS1           
                abs_s1                               7E       7E        2         1

        CLASS   SFR0           

        CLASS   SFR1           

        CLASS   SFR2           

        CLASS   CONFIG         

        CLASS   IDLOC          

        CLASS   EEDATA         

        CLASS   BANK2          



SEGMENTS        Name                           Load    Length   Top    Selector   Space  Class     Delta

                reset_vec                      000000  000001  000001         0       0  CODE        2
                intentry                       000004  00063A  00063E         8       0  CODE        2
                cstackBANK0                    000020  00004B  00006B        20       1  BANK0       1
                cstackCOMMON                   000070  00000C  00007C        70       1  COMMON      1
                swtext1                        00063E  000004  000642       C7C       0  CONST       2
                text5                          000642  000001  000643       C84       0  CODE        2


UNUSED ADDRESS RANGES

        Name                Unused          Largest block    Delta
        BANK0            06B-06F             5           1
        BANK1            0A0-0BF            20           1
        CODE             001-003             3           2
                         643-7FF           1BD
        COMMON           07C-07D             2           1
        CONFIG           2007-2007             1           2
        CONST            001-003             3           2
                         643-7FF            BD
        EEDATA           2100-21FF           100           2
        ENTRY            001-003             3           2
                         643-7FF            BD
        IDLOC            2000-2003             4           2
        RAM              06B-06F             5           1
                         0A0-0BF            20
        SFR0             000-01F            20           1
        SFR1             080-09F            20           1
        SFR2             100-16F            70           1
        STACK            0A0-0BF            20           1
        STRCODE          001-003             3           2
                         643-7FF           1BD
        STRING           001-003             3           2
                         643-7FF            BD

                                  Symbol Table

?_GET_ADC_DATA                cstackCOMMON 072
?___lwdiv                     cstackBANK0  020
?___wmul                      cstackCOMMON 072
AD_baseGetFuc@ad_vh           cstackCOMMON 077
AD_baseGetFuc@ad_vh2          cstackCOMMON 075
AD_baseGetFuc@ad_vl           cstackCOMMON 076
AD_baseGetFuc@ad_vl2          cstackCOMMON 074
AD_baseWriteFuc@ad_ch         cstackBANK0  021
AD_baseWriteFuc@ad_cl         cstackBANK0  020
AD_baseWriteFuc@ad_vh         cstackBANK0  023
AD_baseWriteFuc@ad_vl         cstackBANK0  022
AD_baseWriteFuc@ad_vt         cstackCOMMON 075
Charg_Disp@chg_t              cstackCOMMON 077
DelayMs@Time                  cstackCOMMON 074
DelayMs@a                     cstackCOMMON 075
DelayMs@b                     cstackCOMMON 076
DelayUs@Time                  cstackCOMMON 072
DelayUs@a                     cstackCOMMON 073
EEPROM_Init@ep_t              cstackCOMMON 075
EEPROMread@EEAddr             cstackCOMMON 072
EEPROMread@ReEEPROMread       cstackCOMMON 073
EEPROMwrite@Data              cstackCOMMON 072
EEPROMwrite@EEAddr            cstackCOMMON 073
EEPROMwrite@gietag            cstackCOMMON 074
GET_ADC_DATA@ADC_DATA         cstackCOMMON 076
GET_ADC_DATA@AD_chBuff        cstackCOMMON 075
GET_ADC_DATA@AN_CH            cstackCOMMON 078
GLO_cdsCheckFuc@av_check_dt   bssBANK0     064
GLO_cdsCheckFuc@av_check_lt   bssBANK0     065
GLO_cdsCheckFuc@m_adpre       cstackCOMMON 078
PL10                          text9        307
PL12                          text9        30F
PL14                          text6        233
PL16                          text9        315
PL18                          text6        239
PL2                           text12       42E
PL20                          text17       13F
PL22                          text8        4F8
PL24                          text17       145
PL26                          maintext     39E
PL28                          text17       14A
PL30                          text17       14F
PL32                          text17       154
PL4                           text17       136
PL6                           text6        222
PL8                           text6        22B
Sola_checkFuc@ad_sum          cstackBANK0  040
Sola_checkFuc@ad_total        cstackBANK0  02B
Sola_checkFuc@ad_v            cstackBANK0  042
Sola_checkFuc@ad_vpre         bssBANK0     05C
Sola_checkFuc@i               cstackBANK0  045
Sola_checkFuc@j               cstackBANK0  044
Sola_checkFuc@z               cstackBANK0  03F
Solar_BaseDefine@ad_sum       cstackBANK0  040
Solar_BaseDefine@ad_total     cstackBANK0  02B
Solar_BaseDefine@ad_v         cstackBANK0  042
Solar_BaseDefine@ad_vpre      bssBANK0     05A
Solar_BaseDefine@define_t     cstackBANK0  03F
Solar_BaseDefine@i            cstackBANK0  045
Solar_BaseDefine@j            cstackBANK0  044
Version_Write@D_d             cstackCOMMON 076
Version_Write@V_d             cstackCOMMON 075
_ADCON0                       (abs)        01F
_ADCON1                       (abs)        09F
_ADC_INITIAL                  text29       62A
_ADON                         (abs)        0F8
_ADRESH                       (abs)        01E
_ADRESL                       (abs)        09E
_AD_baseGetFuc                text27       51B
_AD_baseWriteFuc              text8        4D9
_ANSEL                        (abs)        091
_CMCON0                       (abs)        019
_Charg_Disp                   text2        5A4
_DelayMs                      text23       5B9
_DelayUs                      text24       610
_EEADR                        (abs)        09B
_EECON1                       (abs)        09C
_EEDAT                        (abs)        09A
_EEIF                         (abs)        067
_EEPROM_Init                  text25       539
_EEPROMread                   text28       619
_EEPROMwrite                  text26       555
_Event_checkFuc               text17       03B
_GET_ADC_DATA                 text10       4B4
_GIE                          (abs)        05F
_GLO_cdsCheckFuc              text14       3A3
_GO_DONE                      (abs)        0F9
_INTCON                       (abs)        00B
_INTE                         (abs)        05C
_INTEDG                       (abs)        40E
_INTF                         (abs)        059
_INT_INITIAL                  text13       5F3
_IOCA                         (abs)        096
_ISR                          text30       48C
_MSCKCON                      (abs)        01B
_Mode_changeCheckFuc          text12       3FA
_OPTION                       (abs)        081
_OSCCON                       (abs)        08F
_PA2                          (abs)        02A
_PA3                          (abs)        02B
_PA4                          (abs)        02C
_PA6                          (abs)        02E
_PA7                          (abs)        02F
_PAIE                         (abs)        05B
_PAIF                         (abs)        058
_PC1                          (abs)        039
_PC3                          (abs)        03B
_PC5                          (abs)        03D
_PEIE                         (abs)        05E
_PORTA                        (abs)        005
_PORTC                        (abs)        007
_POWER_INITIAL                text11       571
_PSA                          (abs)        40B
_RD                           (abs)        4E0
_SWDTEN                       (abs)        0C0
_Seg_0F                       dataBANK0    048
_Sola_checkFuc                text9        240
_Solar_BaseDefine             text6        159
_T1CON                        (abs)        010
_TIMER1_INTSTART              text22       5DC
_TIMER1_INTSTOP               text21       638
_TMR1H                        (abs)        00F
_TMR1IE                       (abs)        460
_TMR1IF                       (abs)        060
_TMR1L                        (abs)        00E
_TMR1ON                       (abs)        080
_TRISA                        (abs)        085
_TRISA2                       (abs)        42A
_TRISA3                       (abs)        42B
_TRISC                        (abs)        087
_TRISC3                       (abs)        43B
_TestFunc_Disable             text5        642
_TestFunc_Enable              text4        632
_Version_Write                text3        4FD
_WDTCON                       (abs)        018
_WDT_INITIAL                  text19       607
_WPUA                         (abs)        095
_WPUA2                        (abs)        4AA
_WPUA3                        (abs)        4AB
_WPUC                         (abs)        088
_WPUC1                        (abs)        441
_WR                           (abs)        4E8
__Habs1                       abs1         000
__Hbank0                      bank0        000
__Hbank1                      bank1        000
__Hbank2                      bank2        000
__HbssBANK0                   bssBANK0     000
__HbssCOMMON                  bssCOMMON    000
__Hcinit                      cinit        03B
__Hclrtext                    clrtext      000
__Hcode                       code         000
__Hcommon                     common       000
__Hconfig                     config       000
__HcstackBANK0                cstackBANK0  000
__HcstackCOMMON               cstackCOMMON 000
__HdataBANK0                  dataBANK0    000
__Heeprom_data                eeprom_data  000
__Hend_init                   end_init     00B
__Hfunctab                    functab      000
__HidataBANK0                 idataBANK0   000
__Hidloc                      idloc        000
__Hinit                       init         00A
__Hintentry                   intentry     00A
__Hmaintext                   maintext     000
__Hpa_nodes0                  pa_nodes0    000
__Hpowerup                    powerup      000
__Hram                        ram          000
__Hreset_vec                  reset_vec    001
__Hsfr0                       sfr0         000
__Hsfr1                       sfr1         000
__Hsfr2                       sfr2         000
__Hspace_0                    (abs)        643
__Hspace_1                    (abs)        07C
__Hspace_2                    (abs)        000
__Hspace_3                    (abs)        000
__Hstack                      stack        000
__Hstrings                    strings      000
__Htext                       text         000
__Labs1                       abs1         000
__Lbank0                      bank0        000
__Lbank1                      bank1        000
__Lbank2                      bank2        000
__LbssBANK0                   bssBANK0     000
__LbssCOMMON                  bssCOMMON    000
__Lcinit                      cinit        00B
__Lclrtext                    clrtext      000
__Lcode                       code         000
__Lcommon                     common       000
__Lconfig                     config       000
__LcstackBANK0                cstackBANK0  000
__LcstackCOMMON               cstackCOMMON 000
__LdataBANK0                  dataBANK0    000
__Leeprom_data                eeprom_data  000
__Lend_init                   end_init     00A
__Lfunctab                    functab      000
__LidataBANK0                 idataBANK0   000
__Lidloc                      idloc        000
__Linit                       init         00A
__Lintentry                   intentry     004
__Lmaintext                   maintext     000
__Lpa_nodes0                  pa_nodes0    000
__Lpowerup                    powerup      000
__Lram                        ram          000
__Lreset_vec                  reset_vec    000
__Lsfr0                       sfr0         000
__Lsfr1                       sfr1         000
__Lsfr2                       sfr2         000
__Lspace_0                    (abs)        000
__Lspace_1                    (abs)        000
__Lspace_2                    (abs)        000
__Lspace_3                    (abs)        000
__Lstack                      stack        000
__Lstrings                    strings      000
__Ltext                       text         000
__S0                          (abs)        643
__S1                          (abs)        07C
__S2                          (abs)        000
__S3                          (abs)        000
___int_sp                     stack        000
___latbits                    (abs)        000
___lwdiv                      text16       462
___lwdiv@counter              cstackBANK0  024
___lwdiv@dividend             cstackBANK0  022
___lwdiv@divisor              cstackBANK0  020
___lwdiv@quotient             cstackBANK0  025
___sp                         stack        000
___wmul                       text15       58B
___wmul@multiplicand          cstackCOMMON 074
___wmul@multiplier            cstackCOMMON 072
___wmul@product               cstackCOMMON 076
__end_ofPL10                  text9        30F
__end_ofPL12                  text9        315
__end_ofPL14                  text6        239
__end_ofPL16                  text9        31C
__end_ofPL18                  text6        240
__end_ofPL2                   text12       434
__end_ofPL20                  text17       145
__end_ofPL22                  text8        4FD
__end_ofPL24                  text17       14A
__end_ofPL26                  maintext     3A3
__end_ofPL28                  text17       14F
__end_ofPL30                  text17       154
__end_ofPL32                  text17       159
__end_ofPL4                   text17       13F
__end_ofPL6                   text6        22B
__end_ofPL8                   text6        233
__end_of_ADC_INITIAL          text29       632
__end_of_AD_baseGetFuc        text27       539
__end_of_AD_baseWriteFuc      text8        4F8
__end_of_Charg_Disp           text2        5B9
__end_of_DelayMs              text23       5CC
__end_of_DelayUs              text24       619
__end_of_EEPROM_Init          text25       555
__end_of_EEPROMread           text28       622
__end_of_EEPROMwrite          text26       571
__end_of_Event_checkFuc       text17       136
__end_of_GET_ADC_DATA         text10       4D9
__end_of_GLO_cdsCheckFuc      text14       3FA
__end_of_INT_INITIAL          text13       5FE
__end_of_ISR                  text30       4B4
__end_of_Mode_changeCheckFuc  text12       42E
__end_of_POWER_INITIAL        text11       58B
__end_of_Sola_checkFuc        text9        307
__end_of_Solar_BaseDefine     text6        222
__end_of_TIMER1_INTSTART      text22       5E8
__end_of_TIMER1_INTSTOP       text21       63E
__end_of_TestFunc_Disable     text5        643
__end_of_TestFunc_Enable      text4        638
__end_of_Version_Write        text3        51B
__end_of_WDT_INITIAL          text19       610
__end_of___lwdiv              text16       48C
__end_of___wmul               text15       5A4
__end_of__initialization      cinit        039
__end_of_chrg_ModeCheck       text1        462
__end_of_eventEnterOFF        text20       5DC
__end_of_eventExitOFF         text18       607
__end_of_main                 maintext     39E
__end_of_oneGLO               text7        5F3
__initialization              cinit        00B
__pbssBANK0                   bssBANK0     05A
__pbssCOMMON                  bssCOMMON    07A
__pcstackBANK0                cstackBANK0  020
__pcstackCOMMON               cstackCOMMON 070
__pdataBANK0                  dataBANK0    046
__pidataBANK0                 idataBANK0   000
__pintentry                   intentry     004
__pmaintext                   maintext     31C
__pswtext1                    swtext1      63E
__ptext1                      text1        434
__ptext10                     text10       4B4
__ptext11                     text11       571
__ptext12                     text12       3FA
__ptext13                     text13       5F3
__ptext14                     text14       3A3
__ptext15                     text15       58B
__ptext16                     text16       462
__ptext17                     text17       03B
__ptext18                     text18       5FE
__ptext19                     text19       607
__ptext2                      text2        5A4
__ptext20                     text20       5CC
__ptext21                     text21       638
__ptext22                     text22       5DC
__ptext23                     text23       5B9
__ptext24                     text24       610
__ptext25                     text25       539
__ptext26                     text26       555
__ptext27                     text27       51B
__ptext28                     text28       619
__ptext29                     text29       62A
__ptext3                      text3        4FD
__ptext30                     text30       48C
__ptext4                      text4        632
__ptext5                      text5        642
__ptext6                      text6        159
__ptext7                      text7        5E8
__ptext8                      text8        4D9
__ptext9                      text9        240
__size_of_ADC_INITIAL         (abs)        000
__size_of_AD_baseGetFuc       (abs)        000
__size_of_AD_baseWriteFuc     (abs)        000
__size_of_Charg_Disp          (abs)        000
__size_of_DelayMs             (abs)        000
__size_of_DelayUs             (abs)        000
__size_of_EEPROM_Init         (abs)        000
__size_of_EEPROMread          (abs)        000
__size_of_EEPROMwrite         (abs)        000
__size_of_Event_checkFuc      (abs)        000
__size_of_GET_ADC_DATA        (abs)        000
__size_of_GLO_cdsCheckFuc     (abs)        000
__size_of_INT_INITIAL         (abs)        000
__size_of_ISR                 (abs)        000
__size_of_Mode_changeCheckFuc (abs)        000
__size_of_POWER_INITIAL       (abs)        000
__size_of_Sola_checkFuc       (abs)        000
__size_of_Solar_BaseDefine    (abs)        000
__size_of_TIMER1_INTSTART     (abs)        000
__size_of_TIMER1_INTSTOP      (abs)        000
__size_of_TestFunc_Disable    (abs)        000
__size_of_TestFunc_Enable     (abs)        000
__size_of_Version_Write       (abs)        000
__size_of_WDT_INITIAL         (abs)        000
__size_of___lwdiv             (abs)        000
__size_of___wmul              (abs)        000
__size_of_chrg_ModeCheck      (abs)        000
__size_of_eventEnterOFF       (abs)        000
__size_of_eventExitOFF        (abs)        000
__size_of_main                (abs)        000
__size_of_oneGLO              (abs)        000
_chrg_ModeCheck               text1        434
_eventEnterOFF                text20       5CC
_eventExitOFF                 text18       5FE
_g_adBaseValue                bssBANK0     062
_g_cdsCmp                     bssBANK0     066
_g_checkMode                  dataBANK0    047
_g_checkStBits                bssBANK0     068
_g_event_t                    dataBANK0    046
_g_gloCntTimer                bssBANK0     069
_g_gloCurValue                bssBANK0     05E
_g_gloEnvt_st                 bssBANK0     06A
_g_gloRecValue                bssBANK0     060
_g_ledkeep                    bssCOMMON    07A
_g_light_stvalue              bssBANK0     067
_main                         maintext     31C
_oneGLO                       text7        5E8
btemp                         (abs)        07E
chrg_ModeCheck@ch_i           cstackCOMMON 078
clear_ram0                    clrtext      622
end_of_initialization         cinit        039
interrupt_function            intentry     004
intlevel0                     functab      000
intlevel1                     functab      000
intlevel2                     functab      000
intlevel3                     functab      000
intlevel4                     functab      000
intlevel5                     functab      000
main@main_i                   cstackCOMMON 079
reset_vec                     reset_vec    000
saved_w                       (abs)        07E
stackhi                       (abs)        000
stacklo                       (abs)        000
start                         init         00A
start_initialization          cinit        00B
wtemp0                        (abs)        07E


FUNCTION INFORMATION:

 *************** function _main *****************
 Defined at:
		line 1923 in file "main.c"
 Parameters:    Size  Location     Type
		None
 Auto vars:     Size  Location     Type
  main_i          1    9[COMMON] unsigned char 
  main_j          1    0        unsigned char 
 Return value:  Size  Location     Type
                  1    wreg      void 
 Registers used:
		wreg, fsr0l, fsr0h, status,2, status,0, pclath, cstack
 Tracked objects:
		On entry : 
		On exit  : 
		Unchanged: 
 Data sizes:     COMMON   BANK0   BANK1
      Params:         0       0       0
      Locals:         1       0       0
      Temps:          0       0       0
      Totals:         1       0       0
Total ram usage:        1 bytes
 Hardware stack levels required when called:    5
 This function calls:
		_ADC_INITIAL
		_AD_baseGetFuc
		_DelayMs
		_EEPROM_Init
		_Event_checkFuc
		_GLO_cdsCheckFuc
		_INT_INITIAL
		_Mode_changeCheckFuc
		_POWER_INITIAL
		_Sola_checkFuc
		_Solar_BaseDefine
		_TestFunc_Disable
		_TestFunc_Enable
		_Version_Write
		_WDT_INITIAL
		___lwdiv
		___wmul
		_chrg_ModeCheck
 This function is called by:
		Startup code after reset
 This function uses a non-reentrant model


 *************** function _chrg_ModeCheck *****************
 Defined at:
		line 1112 in file "main.c"
 Parameters:    Size  Location     Type
		None
 Auto vars:     Size  Location     Type
  ch_i            1    8[COMMON] unsigned char 
 Return value:  Size  Location     Type
                  1    wreg      unsigned char 
 Registers used:
		wreg, status,2, status,0, pclath, cstack
 Tracked objects:
		On entry : 
		On exit  : 
		Unchanged: 
 Data sizes:     COMMON   BANK0   BANK1
      Params:         0       0       0
      Locals:         1       0       0
      Temps:          0       0       0
      Totals:         1       0       0
Total ram usage:        1 bytes
 Hardware stack levels used:    1
 Hardware stack levels required when called:    4
 This function calls:
		_Charg_Disp
		_DelayMs
 This function is called by:
		_main
 This function uses a non-reentrant model


 *************** function _Charg_Disp *****************
 Defined at:
		line 403 in file "main.c"
 Parameters:    Size  Location     Type
		None
 Auto vars:     Size  Location     Type
  chg_t           1    7[COMMON] unsigned char 
 Return value:  Size  Location     Type
                  1    wreg      void 
 Registers used:
		wreg, status,2, status,0, pclath, cstack
 Tracked objects:
		On entry : 
		On exit  : 
		Unchanged: 
 Data sizes:     COMMON   BANK0   BANK1
      Params:         0       0       0
      Locals:         1       0       0
      Temps:          0       0       0
      Totals:         1       0       0
Total ram usage:        1 bytes
 Hardware stack levels used:    1
 Hardware stack levels required when called:    3
 This function calls:
		_DelayMs
 This function is called by:
		_chrg_ModeCheck
 This function uses a non-reentrant model


 *************** function _Version_Write *****************
 Defined at:
		line 1583 in file "main.c"
 Parameters:    Size  Location     Type
		None
 Auto vars:     Size  Location     Type
  D_d             1    6[COMMON] unsigned char 
  V_d             1    5[COMMON] unsigned char 
  D_rd            1    0        unsigned char 
  V_rd            1    0        unsigned char 
 Return value:  Size  Location     Type
                  1    wreg      void 
 Registers used:
		wreg, status,2, status,0, pclath, cstack
 Tracked objects:
		On entry : 
		On exit  : 
		Unchanged: 
 Data sizes:     COMMON   BANK0   BANK1
      Params:         0       0       0
      Locals:         2       0       0
      Temps:          0       0       0
      Totals:         2       0       0
Total ram usage:        2 bytes
 Hardware stack levels used:    1
 Hardware stack levels required when called:    2
 This function calls:
		_EEPROMread
		_EEPROMwrite
 This function is called by:
		_main
 This function uses a non-reentrant model


 *************** function _TestFunc_Enable *****************
 Defined at:
		line 1863 in file "main.c"
 Parameters:    Size  Location     Type
		None
 Auto vars:     Size  Location     Type
		None
 Return value:  Size  Location     Type
                  1    wreg      void 
 Registers used:
		wreg, status,2, status,0
 Tracked objects:
		On entry : 
		On exit  : 
		Unchanged: 
 Data sizes:     COMMON   BANK0   BANK1
      Params:         0       0       0
      Locals:         0       0       0
      Temps:          0       0       0
      Totals:         0       0       0
Total ram usage:        0 bytes
 Hardware stack levels used:    1
 Hardware stack levels required when called:    1
 This function calls:
		Nothing
 This function is called by:
		_main
 This function uses a non-reentrant model


 *************** function _TestFunc_Disable *****************
 Defined at:
		line 1891 in file "main.c"
 Parameters:    Size  Location     Type
		None
 Auto vars:     Size  Location     Type
		None
 Return value:  Size  Location     Type
                  1    wreg      void 
 Registers used:
		wreg, status,2, status,0
 Tracked objects:
		On entry : 
		On exit  : 
		Unchanged: 
 Data sizes:     COMMON   BANK0   BANK1
      Params:         0       0       0
      Locals:         0       0       0
      Temps:          0       0       0
      Totals:         0       0       0
Total ram usage:        0 bytes
 Hardware stack levels used:    1
 Hardware stack levels required when called:    1
 This function calls:
		Nothing
 This function is called by:
		_main
 This function uses a non-reentrant model


 *************** function _Solar_BaseDefine *****************
 Defined at:
		line 1375 in file "main.c"
 Parameters:    Size  Location     Type
		None
 Auto vars:     Size  Location     Type
  ad_total       20   11[BANK0 ] unsigned int [10]
  ad_v            2   34[BANK0 ] unsigned int 
  ad_sum          2   32[BANK0 ] unsigned int 
  i               1   37[BANK0 ] unsigned char 
  j               1   36[BANK0 ] unsigned char 
  define_t        1   31[BANK0 ] unsigned char 
 Return value:  Size  Location     Type
                  1    wreg      void 
 Registers used:
		wreg, fsr0l, fsr0h, status,2, status,0, pclath, cstack
 Tracked objects:
		On entry : 
		On exit  : 
		Unchanged: 
 Data sizes:     COMMON   BANK0   BANK1
      Params:         0       0       0
      Locals:         0      27       0
      Temps:          0       4       0
      Totals:         0      31       0
Total ram usage:       31 bytes
 Hardware stack levels used:    1
 Hardware stack levels required when called:    4
 This function calls:
		_AD_baseWriteFuc
		_DelayMs
		_GET_ADC_DATA
		___lwdiv
		_oneGLO
 This function is called by:
		_main
 This function uses a non-reentrant model


 *************** function _oneGLO *****************
 Defined at:
		line 393 in file "main.c"
 Parameters:    Size  Location     Type
		None
 Auto vars:     Size  Location     Type
		None
 Return value:  Size  Location     Type
                  1    wreg      void 
 Registers used:
		wreg, status,2, status,0, pclath, cstack
 Tracked objects:
		On entry : 
		On exit  : 
		Unchanged: 
 Data sizes:     COMMON   BANK0   BANK1
      Params:         0       0       0
      Locals:         0       0       0
      Temps:          0       0       0
      Totals:         0       0       0
Total ram usage:        0 bytes
 Hardware stack levels used:    1
 Hardware stack levels required when called:    3
 This function calls:
		_DelayMs
 This function is called by:
		_Solar_BaseDefine
 This function uses a non-reentrant model


 *************** function _AD_baseWriteFuc *****************
 Defined at:
		line 1643 in file "main.c"
 Parameters:    Size  Location     Type
  ad_vt           2    5[COMMON] unsigned int 
 Auto vars:     Size  Location     Type
  ad_vh           1    3[BANK0 ] unsigned char 
  ad_vl           1    2[BANK0 ] unsigned char 
  ad_ch           1    1[BANK0 ] unsigned char 
  ad_cl           1    0[BANK0 ] unsigned char 
 Return value:  Size  Location     Type
                  1    wreg      void 
 Registers used:
		wreg, status,2, status,0, pclath, cstack
 Tracked objects:
		On entry : 
		On exit  : 
		Unchanged: 
 Data sizes:     COMMON   BANK0   BANK1
      Params:         2       0       0
      Locals:         0       4       0
      Temps:          0       0       0
      Totals:         2       4       0
Total ram usage:        6 bytes
 Hardware stack levels used:    1
 Hardware stack levels required when called:    2
 This function calls:
		_EEPROMread
		_EEPROMwrite
 This function is called by:
		_Solar_BaseDefine
 This function uses a non-reentrant model


 *************** function _Sola_checkFuc *****************
 Defined at:
		line 1231 in file "main.c"
 Parameters:    Size  Location     Type
		None
 Auto vars:     Size  Location     Type
  ad_total       20   11[BANK0 ] unsigned int [10]
  ad_v            2   34[BANK0 ] unsigned int 
  ad_sum          2   32[BANK0 ] unsigned int 
  i               1   37[BANK0 ] unsigned char 
  j               1   36[BANK0 ] unsigned char 
  z               1   31[BANK0 ] unsigned char 
 Return value:  Size  Location     Type
                  1    wreg      void 
 Registers used:
		wreg, fsr0l, fsr0h, status,2, status,0, pclath, cstack
 Tracked objects:
		On entry : 
		On exit  : 
		Unchanged: 
 Data sizes:     COMMON   BANK0   BANK1
      Params:         0       0       0
      Locals:         0      27       0
      Temps:          0       4       0
      Totals:         0      31       0
Total ram usage:       31 bytes
 Hardware stack levels used:    1
 Hardware stack levels required when called:    2
 This function calls:
		_GET_ADC_DATA
		___lwdiv
 This function is called by:
		_main
 This function uses a non-reentrant model


 *************** function _GET_ADC_DATA *****************
 Defined at:
		line 535 in file "main.c"
 Parameters:    Size  Location     Type
  AN_CH           1    wreg     unsigned char 
 Auto vars:     Size  Location     Type
  AN_CH           1    8[COMMON] unsigned char 
  ADC_DATA        2    6[COMMON] unsigned int 
  AD_chBuff       1    5[COMMON] unsigned char 
 Return value:  Size  Location     Type
                  2    2[COMMON] unsigned int 
 Registers used:
		wreg, status,2, status,0
 Tracked objects:
		On entry : 
		On exit  : 
		Unchanged: 
 Data sizes:     COMMON   BANK0   BANK1
      Params:         3       0       0
      Locals:         4       0       0
      Temps:          0       0       0
      Totals:         7       0       0
Total ram usage:        7 bytes
 Hardware stack levels used:    1
 Hardware stack levels required when called:    1
 This function calls:
		Nothing
 This function is called by:
		_Sola_checkFuc
		_Solar_BaseDefine
 This function uses a non-reentrant model


 *************** function _POWER_INITIAL *****************
 Defined at:
		line 468 in file "main.c"
 Parameters:    Size  Location     Type
		None
 Auto vars:     Size  Location     Type
		None
 Return value:  Size  Location     Type
                  1    wreg      void 
 Registers used:
		wreg, status,2
 Tracked objects:
		On entry : 
		On exit  : 
		Unchanged: 
 Data sizes:     COMMON   BANK0   BANK1
      Params:         0       0       0
      Locals:         0       0       0
      Temps:          0       0       0
      Totals:         0       0       0
Total ram usage:        0 bytes
 Hardware stack levels used:    1
 Hardware stack levels required when called:    1
 This function calls:
		Nothing
 This function is called by:
		_main
 This function uses a non-reentrant model


 *************** function _Mode_changeCheckFuc *****************
 Defined at:
		line 769 in file "main.c"
 Parameters:    Size  Location     Type
		None
 Auto vars:     Size  Location     Type
		None
 Return value:  Size  Location     Type
                  1    wreg      void 
 Registers used:
		wreg, status,2, status,0, pclath, cstack
 Tracked objects:
		On entry : 
		On exit  : 
		Unchanged: 
 Data sizes:     COMMON   BANK0   BANK1
      Params:         0       0       0
      Locals:         0       0       0
      Temps:          1       0       0
      Totals:         1       0       0
Total ram usage:        1 bytes
 Hardware stack levels used:    1
 Hardware stack levels required when called:    3
 This function calls:
		_DelayMs
 This function is called by:
		_main
 This function uses a non-reentrant model


 *************** function _INT_INITIAL *****************
 Defined at:
		line 591 in file "main.c"
 Parameters:    Size  Location     Type
		None
 Auto vars:     Size  Location     Type
  ReadAPin        1    0        unsigned char 
 Return value:  Size  Location     Type
                  1    wreg      void 
 Registers used:
		wreg
 Tracked objects:
		On entry : 
		On exit  : 
		Unchanged: 
 Data sizes:     COMMON   BANK0   BANK1
      Params:         0       0       0
      Locals:         0       0       0
      Temps:          0       0       0
      Totals:         0       0       0
Total ram usage:        0 bytes
 Hardware stack levels used:    1
 Hardware stack levels required when called:    1
 This function calls:
		Nothing
 This function is called by:
		_main
 This function uses a non-reentrant model


 *************** function _GLO_cdsCheckFuc *****************
 Defined at:
		line 1307 in file "main.c"
 Parameters:    Size  Location     Type
		None
 Auto vars:     Size  Location     Type
  m_adpre         1    8[COMMON] unsigned char 
 Return value:  Size  Location     Type
                  1    wreg      void 
 Registers used:
		wreg, status,2, status,0, pclath, cstack
 Tracked objects:
		On entry : 
		On exit  : 
		Unchanged: 
 Data sizes:     COMMON   BANK0   BANK1
      Params:         0       0       0
      Locals:         1       0       0
      Temps:          0       0       0
      Totals:         1       0       0
Total ram usage:        1 bytes
 Hardware stack levels used:    1
 Hardware stack levels required when called:    2
 This function calls:
		___lwdiv
		___wmul
 This function is called by:
		_main
 This function uses a non-reentrant model


 *************** function ___wmul *****************
 Defined at:
		line 15 in file "f:\doc\datesheet\mcu\pf\ide3.0.1_200917\data\sources\common\Umul16.c"
 Parameters:    Size  Location     Type
  multiplier      2    2[COMMON] unsigned int 
  multiplicand    2    4[COMMON] unsigned int 
 Auto vars:     Size  Location     Type
  product         2    6[COMMON] unsigned int 
 Return value:  Size  Location     Type
                  2    2[COMMON] unsigned int 
 Registers used:
		wreg, status,2, status,0
 Tracked objects:
		On entry : 
		On exit  : 
		Unchanged: 
 Data sizes:     COMMON   BANK0   BANK1
      Params:         4       0       0
      Locals:         2       0       0
      Temps:          0       0       0
      Totals:         6       0       0
Total ram usage:        6 bytes
 Hardware stack levels used:    1
 Hardware stack levels required when called:    1
 This function calls:
		Nothing
 This function is called by:
		_GLO_cdsCheckFuc
		_main
		_Seg_Display
 This function uses a non-reentrant model


 *************** function ___lwdiv *****************
 Defined at:
		line 6 in file "f:\doc\datesheet\mcu\pf\ide3.0.1_200917\data\sources\common\lwdiv.c"
 Parameters:    Size  Location     Type
  divisor         2    0[BANK0 ] unsigned int 
  dividend        2    2[BANK0 ] unsigned int 
 Auto vars:     Size  Location     Type
  quotient        2    5[BANK0 ] unsigned int 
  counter         1    4[BANK0 ] unsigned char 
 Return value:  Size  Location     Type
                  2    0[BANK0 ] unsigned int 
 Registers used:
		wreg, status,2, status,0
 Tracked objects:
		On entry : 
		On exit  : 
		Unchanged: 
 Data sizes:     COMMON   BANK0   BANK1
      Params:         0       4       0
      Locals:         0       3       0
      Temps:          0       0       0
      Totals:         0       7       0
Total ram usage:        7 bytes
 Hardware stack levels used:    1
 Hardware stack levels required when called:    1
 This function calls:
		Nothing
 This function is called by:
		_Sola_checkFuc
		_GLO_cdsCheckFuc
		_Solar_BaseDefine
		_main
		_Seg_Display
 This function uses a non-reentrant model


 *************** function _Event_checkFuc *****************
 Defined at:
		line 822 in file "main.c"
 Parameters:    Size  Location     Type
		None
 Auto vars:     Size  Location     Type
		None
 Return value:  Size  Location     Type
                  1    wreg      void 
 Registers used:
		wreg, fsr0l, fsr0h, status,2, status,0, pclath, cstack
 Tracked objects:
		On entry : 
		On exit  : 
		Unchanged: 
 Data sizes:     COMMON   BANK0   BANK1
      Params:         0       0       0
      Locals:         0       0       0
      Temps:          0       0       0
      Totals:         0       0       0
Total ram usage:        0 bytes
 Hardware stack levels used:    1
 Hardware stack levels required when called:    3
 This function calls:
		_DelayMs
		_TIMER1_INTSTART
		_TIMER1_INTSTOP
		_eventEnterOFF
		_eventExitOFF
 This function is called by:
		_main
 This function uses a non-reentrant model


 *************** function _eventExitOFF *****************
 Defined at:
		line 647 in file "main.c"
 Parameters:    Size  Location     Type
		None
 Auto vars:     Size  Location     Type
  ReadAPin        1    0        unsigned char 
 Return value:  Size  Location     Type
                  1    wreg      void 
 Registers used:
		wreg, status,2, status,0, pclath, cstack
 Tracked objects:
		On entry : 
		On exit  : 
		Unchanged: 
 Data sizes:     COMMON   BANK0   BANK1
      Params:         0       0       0
      Locals:         0       0       0
      Temps:          0       0       0
      Totals:         0       0       0
Total ram usage:        0 bytes
 Hardware stack levels used:    1
 Hardware stack levels required when called:    2
 This function calls:
		_WDT_INITIAL
 This function is called by:
		_Event_checkFuc
 This function uses a non-reentrant model


 *************** function _WDT_INITIAL *****************
 Defined at:
		line 573 in file "main.c"
 Parameters:    Size  Location     Type
		None
 Auto vars:     Size  Location     Type
		None
 Return value:  Size  Location     Type
                  1    wreg      void 
 Registers used:
		wreg
 Tracked objects:
		On entry : 
		On exit  : 
		Unchanged: 
 Data sizes:     COMMON   BANK0   BANK1
      Params:         0       0       0
      Locals:         0       0       0
      Temps:          0       0       0
      Totals:         0       0       0
Total ram usage:        0 bytes
 Hardware stack levels used:    1
 Hardware stack levels required when called:    1
 This function calls:
		Nothing
 This function is called by:
		_eventExitOFF
		_main
 This function uses a non-reentrant model


 *************** function _eventEnterOFF *****************
 Defined at:
		line 618 in file "main.c"
 Parameters:    Size  Location     Type
		None
 Auto vars:     Size  Location     Type
  ReadAPin        1    0        unsigned char 
 Return value:  Size  Location     Type
                  1    wreg      void 
 Registers used:
		wreg, status,2, status,0
 Tracked objects:
		On entry : 
		On exit  : 
		Unchanged: 
 Data sizes:     COMMON   BANK0   BANK1
      Params:         0       0       0
      Locals:         0       0       0
      Temps:          0       0       0
      Totals:         0       0       0
Total ram usage:        0 bytes
 Hardware stack levels used:    1
 Hardware stack levels required when called:    1
 This function calls:
		Nothing
 This function is called by:
		_Event_checkFuc
 This function uses a non-reentrant model


 *************** function _TIMER1_INTSTOP *****************
 Defined at:
		line 453 in file "main.c"
 Parameters:    Size  Location     Type
		None
 Auto vars:     Size  Location     Type
		None
 Return value:  Size  Location     Type
                  1    wreg      void 
 Registers used:
		None
 Tracked objects:
		On entry : 
		On exit  : 
		Unchanged: 
 Data sizes:     COMMON   BANK0   BANK1
      Params:         0       0       0
      Locals:         0       0       0
      Temps:          0       0       0
      Totals:         0       0       0
Total ram usage:        0 bytes
 Hardware stack levels used:    1
 Hardware stack levels required when called:    1
 This function calls:
		Nothing
 This function is called by:
		_Event_checkFuc
 This function uses a non-reentrant model


 *************** function _TIMER1_INTSTART *****************
 Defined at:
		line 429 in file "main.c"
 Parameters:    Size  Location     Type
		None
 Auto vars:     Size  Location     Type
		None
 Return value:  Size  Location     Type
                  1    wreg      void 
 Registers used:
		wreg, status,2
 Tracked objects:
		On entry : 
		On exit  : 
		Unchanged: 
 Data sizes:     COMMON   BANK0   BANK1
      Params:         0       0       0
      Locals:         0       0       0
      Temps:          0       0       0
      Totals:         0       0       0
Total ram usage:        0 bytes
 Hardware stack levels used:    1
 Hardware stack levels required when called:    1
 This function calls:
		Nothing
 This function is called by:
		_Event_checkFuc
 This function uses a non-reentrant model


 *************** function _DelayMs *****************
 Defined at:
		line 1457 in file "main.c"
 Parameters:    Size  Location     Type
  Time            1    wreg     unsigned char 
 Auto vars:     Size  Location     Type
  Time            1    4[COMMON] unsigned char 
  b               1    6[COMMON] unsigned char 
  a               1    5[COMMON] unsigned char 
 Return value:  Size  Location     Type
                  1    wreg      void 
 Registers used:
		wreg, status,2, status,0, pclath, cstack
 Tracked objects:
		On entry : 
		On exit  : 
		Unchanged: 
 Data sizes:     COMMON   BANK0   BANK1
      Params:         0       0       0
      Locals:         3       0       0
      Temps:          0       0       0
      Totals:         3       0       0
Total ram usage:        3 bytes
 Hardware stack levels used:    1
 Hardware stack levels required when called:    2
 This function calls:
		_DelayUs
 This function is called by:
		_oneGLO
		_Charg_Disp
		_Mode_changeCheckFuc
		_Event_checkFuc
		_chrg_ModeCheck
		_Solar_BaseDefine
		_main
 This function uses a non-reentrant model


 *************** function _DelayUs *****************
 Defined at:
		line 1441 in file "main.c"
 Parameters:    Size  Location     Type
  Time            1    wreg     unsigned char 
 Auto vars:     Size  Location     Type
  Time            1    2[COMMON] unsigned char 
  a               1    3[COMMON] unsigned char 
 Return value:  Size  Location     Type
                  1    wreg      void 
 Registers used:
		wreg, status,2, status,0
 Tracked objects:
		On entry : 
		On exit  : 
		Unchanged: 
 Data sizes:     COMMON   BANK0   BANK1
      Params:         0       0       0
      Locals:         2       0       0
      Temps:          0       0       0
      Totals:         2       0       0
Total ram usage:        2 bytes
 Hardware stack levels used:    1
 Hardware stack levels required when called:    1
 This function calls:
		Nothing
 This function is called by:
		_DelayMs
 This function uses a non-reentrant model


 *************** function _EEPROM_Init *****************
 Defined at:
		line 1550 in file "main.c"
 Parameters:    Size  Location     Type
		None
 Auto vars:     Size  Location     Type
  ep_t            1    5[COMMON] unsigned char 
 Return value:  Size  Location     Type
                  1    wreg      void 
 Registers used:
		wreg, status,2, status,0, pclath, cstack
 Tracked objects:
		On entry : 
		On exit  : 
		Unchanged: 
 Data sizes:     COMMON   BANK0   BANK1
      Params:         0       0       0
      Locals:         1       0       0
      Temps:          0       0       0
      Totals:         1       0       0
Total ram usage:        1 bytes
 Hardware stack levels used:    1
 Hardware stack levels required when called:    2
 This function calls:
		_EEPROMread
		_EEPROMwrite
 This function is called by:
		_main
 This function uses a non-reentrant model


 *************** function _EEPROMwrite *****************
 Defined at:
		line 1517 in file "main.c"
 Parameters:    Size  Location     Type
  EEAddr          1    wreg     unsigned char 
  Data            1    2[COMMON] unsigned char 
 Auto vars:     Size  Location     Type
  EEAddr          1    3[COMMON] unsigned char 
  gietag          1    4[COMMON] unsigned char 
 Return value:  Size  Location     Type
                  1    wreg      void 
 Registers used:
		wreg, status,2, status,0
 Tracked objects:
		On entry : 
		On exit  : 
		Unchanged: 
 Data sizes:     COMMON   BANK0   BANK1
      Params:         1       0       0
      Locals:         2       0       0
      Temps:          0       0       0
      Totals:         3       0       0
Total ram usage:        3 bytes
 Hardware stack levels used:    1
 Hardware stack levels required when called:    1
 This function calls:
		Nothing
 This function is called by:
		_EEPROM_Init
		_Version_Write
		_AD_baseWriteFuc
 This function uses a non-reentrant model


 *************** function _AD_baseGetFuc *****************
 Defined at:
		line 1613 in file "main.c"
 Parameters:    Size  Location     Type
		None
 Auto vars:     Size  Location     Type
  ad_vh           1    7[COMMON] unsigned char 
  ad_vl           1    6[COMMON] unsigned char 
  ad_vh2          1    5[COMMON] unsigned char 
  ad_vl2          1    4[COMMON] unsigned char 
 Return value:  Size  Location     Type
                  1    wreg      unsigned char 
 Registers used:
		wreg, pclath, cstack
 Tracked objects:
		On entry : 
		On exit  : 
		Unchanged: 
 Data sizes:     COMMON   BANK0   BANK1
      Params:         0       0       0
      Locals:         4       0       0
      Temps:          0       0       0
      Totals:         4       0       0
Total ram usage:        4 bytes
 Hardware stack levels used:    1
 Hardware stack levels required when called:    2
 This function calls:
		_EEPROMread
 This function is called by:
		_main
 This function uses a non-reentrant model


 *************** function _EEPROMread *****************
 Defined at:
		line 1497 in file "main.c"
 Parameters:    Size  Location     Type
  EEAddr          1    wreg     unsigned char 
 Auto vars:     Size  Location     Type
  EEAddr          1    2[COMMON] unsigned char 
  ReEEPROMread    1    3[COMMON] unsigned char 
 Return value:  Size  Location     Type
                  1    wreg      unsigned char 
 Registers used:
		wreg
 Tracked objects:
		On entry : 
		On exit  : 
		Unchanged: 
 Data sizes:     COMMON   BANK0   BANK1
      Params:         0       0       0
      Locals:         2       0       0
      Temps:          0       0       0
      Totals:         2       0       0
Total ram usage:        2 bytes
 Hardware stack levels used:    1
 Hardware stack levels required when called:    1
 This function calls:
		Nothing
 This function is called by:
		_EEPROM_Init
		_Version_Write
		_AD_baseGetFuc
		_AD_baseWriteFuc
 This function uses a non-reentrant model


 *************** function _ADC_INITIAL *****************
 Defined at:
		line 511 in file "main.c"
 Parameters:    Size  Location     Type
		None
 Auto vars:     Size  Location     Type
		None
 Return value:  Size  Location     Type
                  1    wreg      void 
 Registers used:
		wreg, status,2
 Tracked objects:
		On entry : 
		On exit  : 
		Unchanged: 
 Data sizes:     COMMON   BANK0   BANK1
      Params:         0       0       0
      Locals:         0       0       0
      Temps:          0       0       0
      Totals:         0       0       0
Total ram usage:        0 bytes
 Hardware stack levels used:    1
 Hardware stack levels required when called:    1
 This function calls:
		Nothing
 This function is called by:
		_main
 This function uses a non-reentrant model


 *************** function _ISR *****************
 Defined at:
		line 333 in file "main.c"
 Parameters:    Size  Location     Type
		None
 Auto vars:     Size  Location     Type
  ReadAPin        1    0        unsigned char 
 Return value:  Size  Location     Type
                  1    wreg      void 
 Registers used:
		wreg, status,2, status,0
 Tracked objects:
		On entry : 
		On exit  : 
		Unchanged: 
 Data sizes:     COMMON   BANK0   BANK1
      Params:         0       0       0
      Locals:         0       0       0
      Temps:          2       0       0
      Totals:         2       0       0
Total ram usage:        2 bytes
 Hardware stack levels used:    1
 This function calls:
		Nothing
 This function is called by:
		Interrupt level 1
 This function uses a non-reentrant model



MODULE INFORMATION

Module		Function		Class		Link	Load	Size
f:\doc\datesheet\mcu\pf\ide3.0.1_200917\data\sources\common\lwdiv.c
		___lwdiv       		CODE           	0462	0000	43

f:\doc\datesheet\mcu\pf\ide3.0.1_200917\data\sources\common\lwdiv.c estimated size: 43

f:\doc\datesheet\mcu\pf\ide3.0.1_200917\data\sources\common\Umul16.c
		___wmul        		CODE           	058B	0000	26

f:\doc\datesheet\mcu\pf\ide3.0.1_200917\data\sources\common\Umul16.c estimated size: 26

shared
		PL12           		CODE           	030F	0000	7
		PL8            		CODE           	022B	0000	9
		PL22           		CODE           	04F8	0000	6
		PL32           		CODE           	0154	0000	6
		PL14           		CODE           	0233	0000	7
		PL24           		CODE           	0145	0000	6
		PL16           		CODE           	0315	0000	8
		PL26           		CODE           	039E	0000	6
		PL18           		CODE           	0239	0000	8
		PL28           		CODE           	014A	0000	6
		__initialization		CODE           	000B	0000	47
		PL2            		CODE           	042E	0000	7
		PL10           		CODE           	0307	0000	9
		PL4            		CODE           	0136	0000	10
		PL20           		CODE           	013F	0000	7
		PL30           		CODE           	014F	0000	6
		PL6            		CODE           	0222	0000	10

shared estimated size: 165

main.c
		_AD_baseWriteFuc		CODE           	04D9	0000	32
		_Version_Write 		CODE           	04FD	0000	31
		_GLO_cdsCheckFuc		CODE           	03A3	0000	88
		_DelayUs       		CODE           	0610	0000	10
		_TestFunc_Disable		CODE           	0642	0000	2
		_Solar_BaseDefine		CODE           	0159	0000	202
		_Event_checkFuc		CODE           	003B	0000	252
		_ISR           		CODE           	048C	0000	41
		_Charg_Disp    		CODE           	05A4	0000	22
		_EEPROM_Init   		CODE           	0539	0000	29
		_main          		CODE           	031C	0000	131
		_EEPROMread    		CODE           	0619	0000	10
		_TIMER1_INTSTOP		CODE           	0638	0000	7
		_oneGLO        		CODE           	05E8	0000	12
		_DelayMs       		CODE           	05B9	0000	20
		_POWER_INITIAL 		CODE           	0571	0000	27
		_Sola_checkFuc 		CODE           	0240	0000	200
		_TIMER1_INTSTART		CODE           	05DC	0000	13
		_TestFunc_Enable		CODE           	0632	0000	7
		_chrg_ModeCheck		CODE           	0434	0000	47
		_AD_baseGetFuc 		CODE           	051B	0000	31
		_EEPROMwrite   		CODE           	0555	0000	29
		_eventExitOFF  		CODE           	05FE	0000	10
		_GET_ADC_DATA  		CODE           	04B4	0000	38
		_Mode_changeCheckFuc		CODE           	03FA	0000	53
		_WDT_INITIAL   		CODE           	0607	0000	10
		_ADC_INITIAL   		CODE           	062A	0000	9
		_INT_INITIAL   		CODE           	05F3	0000	12
		_eventEnterOFF 		CODE           	05CC	0000	17

main.c estimated size: 1392

